// Jest Snapshot v1, https://goo.gl/fbAQLP

exports[`matches snapshot 1`] = `
<DocumentFragment>
  <div
    class="col-md-8 offset-md-2"
  >
    <div
      class="Search"
    >
      <form>
        <div
          class="input-group"
        >
          <input
            class="form-control"
            name="search"
            placeholder="Search"
            type="text"
            value=""
          />
          <div
            class="input-group-btn"
          >
            <button
              class="btn btn-default"
              type="submit"
            >
              <i
                class="glyphicon glyphicon-search"
              />
            </button>
          </div>
        </div>
      </form>
    </div>
    <p
      class="lead"
    >
      Sorry, no results were found!
    </p>
  </div>
</DocumentFragment>
`;
