// Jest Snapshot v1, https://goo.gl/fbAQLP

exports[`matches snapshot 1`] = `
<DocumentFragment>
  <div
    class="container"
  >
    <div
      class="pull-right"
      style="margin-bottom: 30px;"
    >
      <button
        class="btn btn-primary active"
      >
        Login
      </button>
      <button
        class="btn btn-primary "
      >
        Sign up
      </button>
    </div>
    <div
      class="Login"
    >
      <form>
        <div
          class="form-group"
        >
          <label
            for="username"
          >
            Username
          </label>
          <input
            class="form-control"
            name="username"
            placeholder="Username"
            type="text"
            value=""
          />
        </div>
        <div
          class="form-group"
        >
          <label
            for="password"
          >
            Password
          </label>
          <input
            class="form-control"
            name="password"
            placeholder="Password"
            type="password"
            value=""
          />
        </div>
        <button
          class="btn btn-default"
          type="submit"
        >
          Submit
        </button>
      </form>
    </div>
  </div>
</DocumentFragment>
`;
