// Jest Snapshot v1, https://goo.gl/fbAQLP

exports[`matches snapshot 1`] = `
<DocumentFragment>
  <div>
    <nav
      class="navbar navbar-expand navbar-custom"
    >
      <div
        class="container-fluid"
      >
        <div
          class="navbar-header"
        >
          <a
            aria-current="page"
            class="navbar-brand active"
            href="/"
          >
            Jobly
          </a>
        </div>
        <ul
          class="nav navbar-nav navbar-right"
        >
          <li
            class="nav-item"
          >
            <a
              href="/companies"
            >
              Companies
            </a>
          </li>
          <li
            class="nav-item"
          >
            <a
              href="/jobs"
            >
              Jobs
            </a>
          </li>
          <li
            class="nav-item"
          >
            <a
              href="/profile"
            >
              Profile
            </a>
          </li>
          <li
            class="nav-item"
          >
            <a
              aria-current="page"
              class="active"
              href="/"
            >
              Logout
            </a>
          </li>
           
        </ul>
      </div>
    </nav>
  </div>
</DocumentFragment>
`;

exports[`matches snapshot when logged out 1`] = `
<DocumentFragment>
  <div>
    <nav
      class="navbar navbar-expand navbar-custom"
    >
      <div
        class="container-fluid"
      >
        <div
          class="navbar-header"
        >
          <a
            aria-current="page"
            class="navbar-brand active"
            href="/"
          >
            Jobly
          </a>
        </div>
        <ul
          class="nav navbar-nav navbar-right"
        >
          <li
            class="nav-item"
          >
            <a
              href="/companies"
            >
              Companies
            </a>
          </li>
          <li
            class="nav-item"
          >
            <a
              href="/jobs"
            >
              Jobs
            </a>
          </li>
          <li
            class="nav-item"
          >
            <a
              href="/profile"
            >
              Profile
            </a>
          </li>
          <li
            class="nav-item"
          >
            <a
              aria-current="page"
              class="active"
              href="/"
            >
              Logout
            </a>
          </li>
           
        </ul>
      </div>
    </nav>
  </div>
</DocumentFragment>
`;
