// Jest Snapshot v1, https://goo.gl/fbAQLP

exports[`matches snapshot 1`] = `
<DocumentFragment>
  <div
    class="Search"
  >
    <form>
      <div
        class="input-group"
      >
        <input
          class="form-control"
          name="search"
          placeholder="Search"
          type="text"
          value=""
        />
        <div
          class="input-group-btn"
        >
          <button
            class="btn btn-default"
            type="submit"
          >
            <i
              class="glyphicon glyphicon-search"
            />
          </button>
        </div>
      </div>
    </form>
  </div>
</DocumentFragment>
`;
